compilations: CoreLib 337 errors, driver 0 errors (6.4s)
DI index, 959 injection bindings, program index: 17.4s
member map: 34360 methods
==== Driver.Run: reach 11.5s; reached members 11235, reached bodies 11570, IR bodies 11576, lowering threw 0; opaque calls 1521 (424 distinct callees)
  from the driver: Driver.Run [root:spike:Driver.Run], Probe.#ctor [call:body:Driver:M:Driver.Run:2], Probe.ToString [call:body:System.Private.CoreLib:M:System.String.JoinCore(System.ReadOnlySpan{System.Char},System.Object[]):10]
  Probe.ToString reached: True; driver bodies reached: Driver.Run [root:spike:Driver.Run], Probe.#ctor [call:body:Driver:M:Driver.Run:2], Probe.ToString [call:body:System.Private.CoreLib:M:System.String.JoinCore(System.ReadOnlySpan{System.Char},System.Object[]):10]
  by namespace: System.Reflection x1700, System.Threading x1043, System.Globalization x950, System.Runtime x822, System.Text x745, System.SR x683, System.Diagnostics x635, System.IO x557
  members by how they were first reached: call (direct) 7850, call (dispatch to an override) 3174, type-initializer 177, delegate 33, root 1
  gateways (members by the size of their first-reason subtree):
      9556  body:Driver:M:Driver.Run
      9553  body:System.Private.CoreLib:M:System.String.Join(System.String,System.Object[])
      9548  body:System.Private.CoreLib:M:System.String.JoinCore(System.ReadOnlySpan{System.Char},System.Object[])
      2931  body:System.Private.CoreLib:M:System.ValueTuple`8.ToString
      2921  body:System.Private.CoreLib:M:System.String.Concat(System.String[])
       903  body:System.Private.CoreLib:M:System.Diagnostics.StackTrace.ToString
       902  body:System.Private.CoreLib:M:System.Diagnostics.StackTrace.ToString(System.Diagnostics.StackTrace.TraceFormat)
       901  body:System.Private.CoreLib:M:System.Diagnostics.StackTrace.ToString(System.Diagnostics.StackTrace.TraceFormat,System.Text.StringBuilder)
       858  body:System.Private.CoreLib:M:System.DateTimeOffset.ToString
       845  body:System.Private.CoreLib:M:System.DateTimeFormat.Format(System.DateTime,System.String,System.IFormatProvider,System.TimeSpan)
       757  body:System.Private.CoreLib:M:System.Diagnostics.Tracing.EventListener.Dispose
       686  body:System.Private.CoreLib:M:System.Text.ValueStringBuilder.ToString
       684  body:System.Private.CoreLib:M:System.Text.ValueStringBuilder.Dispose
       631  body:System.Private.CoreLib:M:System.Buffers.ConfigurableArrayPool`1.Return(`0[],System.Boolean)
       614  body:System.Private.CoreLib:M:System.Threading.ThreadPool.#cctor
       593  body:System.Private.CoreLib:M:System.Diagnostics.Tracing.EventListener.RemoveReferencesToListenerInEventSources(System.Diagnostics.Tracing.EventListener)
       592  body:System.Private.CoreLib:M:System.Runtime.CompilerServices.PoolingAsyncValueTaskMethodBuilder`1.StateMachineBox`1.MoveNext
       584  body:System.Private.CoreLib:M:System.Diagnostics.Tracing.EventListener.CallDisableEventsIfNecessary(System.Diagnostics.Tracing.EventDispatcher,System.Diagnostics.Tracing.EventSource)
       583  body:System.Private.CoreLib:M:System.Diagnostics.Tracing.EventListener.DisableEvents(System.Diagnostics.Tracing.EventSource)
       582  body:System.Private.CoreLib:M:System.Diagnostics.Tracing.EventSource.SendCommand(System.Diagnostics.Tracing.EventListener,System.Diagnostics.Tracing.EventProviderType,System.Int32,System.Diagnostics.Tracing.EventCommand,System.Boolean,System.Diagnostics.Tracing.EventLevel,System.Diagnostics.Tracing.EventKeywords,System.Collections.Generic.IDictionary{System.String,System.String})
       579  body:System.Private.CoreLib:M:System.Diagnostics.Tracing.EventSource.DoCommand(System.Diagnostics.Tracing.EventCommandEventArgs)
       562  body:System.Private.CoreLib:M:System.DateTimeFormat.FormatCustomized``1(System.DateTime,System.ReadOnlySpan{System.Char},System.Globalization.DateTimeFormatInfo,System.TimeSpan,System.Collections.Generic.ValueListBuilder{``0}@)
       556  body:System.Private.CoreLib:M:System.Diagnostics.StackTrace.TryResolveStateMachineMethod(System.Reflection.MethodBase@,System.Type@)
       520  body:System.Private.CoreLib:M:System.Attribute.GetCustomAttributes(System.Reflection.MemberInfo,System.Type,System.Boolean)
       440  body:System.Private.CoreLib:M:System.Diagnostics.Tracing.EventSource.EnsureDescriptorsInitialized
exclusion: 540 CoreLib methods made bodiless for 4 slots: M:System.Object.ToString, M:System.Object.Equals(System.Object), M:System.Object.GetHashCode, M:System.IDisposable.Dispose
==== Driver.Run excluding four: reach 7.8s; reached members 10300, reached bodies 10621, IR bodies 10627, lowering threw 0; opaque calls 1714 (443 distinct callees)
  from the driver: Driver.Run [root:spike:Driver.Run excluding four], Probe.#ctor [call:body:Driver:M:Driver.Run:2], Probe.ToString [call:body:System.Private.CoreLib:M:System.String.JoinCore(System.ReadOnlySpan{System.Char},System.Object[]):10]
  Probe.ToString reached: True; driver bodies reached: Driver.Run [root:spike:Driver.Run excluding four], Probe.#ctor [call:body:Driver:M:Driver.Run:2], Probe.ToString [call:body:System.Private.CoreLib:M:System.String.JoinCore(System.ReadOnlySpan{System.Char},System.Object[]):10]
  by namespace: System.Reflection x1570, System.Threading x961, System.Globalization x926, System.Runtime x750, System.Text x707, System.SR x659, System.Diagnostics x577, System.IO x498
[20:45:17] heap solve: did not finish within 10 minutes; peak working set 1424 MB; exiting
